// Jest Snapshot v1, https://goo.gl/fbAQLP

exports[`Challenge 1a 1`] = `1722`;

exports[`Challenge 1b 1`] = `1748`;

exports[`Challenge 2a 1`] = `1989014`;

exports[`Challenge 2a 2`] = `1989014`;

exports[`Challenge 2b 1`] = `2006917119`;

exports[`Challenge 3a 1`] = `3985686`;

exports[`Challenge 4a 1`] = `51776`;

exports[`Challenge 4b 1`] = `16830`;

exports[`Challenge 5a 1`] = `6461`;

exports[`Challenge 5b 1`] = `18065`;

exports[`Challenge 6a 1`] = `391671`;

exports[`Challenge 6b 1`] = `1754000560399`;

exports[`Challenge 7a 1`] = `355989`;

exports[`Challenge 7b 1`] = `102245489`;

exports[`Challenge 8a 1`] = `495`;

exports[`Challenge 8b 1`] = `1055164`;

exports[`Challenge 9a 1`] = `518`;

exports[`Challenge 9b 1`] = `949905`;
