// Jest Snapshot v1, https://goo.gl/fbAQLP

exports[`Challenge 1a 1`] = `1722`;

exports[`Challenge 1b 1`] = `1748`;

exports[`Challenge 2a 1`] = `1989014`;

exports[`Challenge 2a 2`] = `1989014`;

exports[`Challenge 2b 1`] = `2006917119`;

exports[`Challenge 3a 1`] = `3985686`;

exports[`Challenge 4a 1`] = `51776`;

exports[`Challenge 4b 1`] = `16830`;

exports[`Challenge 5a 1`] = `6461`;
